// Jest Snapshot v1, https://goo.gl/fbAQLP

exports[`<ItemTitle /> displays title 1`] = `
.c0 {
  margin-bottom: 0.25rem;
  font-weight: 700;
  font-size: 1.25rem;
  line-height: 1.25rem;
}

<h1
  class="c0"
  data-testid="itemTitle"
>
  My Frankly Astounding Thing
</h1>
`;

exports[`<ItemTitle /> handles no data 1`] = `null`;
