// Jest Snapshot v1, https://goo.gl/fbAQLP

exports[`<SectionContainer /> composes title and >1  items 1`] = `
.c2 {
  margin-left: 0.5rem;
  margin-right: 0.5rem;
  display: inline-block;
}

.c0 {
  display: -webkit-box;
  display: -webkit-flex;
  display: -ms-flexbox;
  display: flex;
  -webkit-flex-direction: column;
  -ms-flex-direction: column;
  flex-direction: column;
  padding: 1.5rem;
  margin: 1.5rem;
  margin-top: 0px;
  margin-bottom: 0px;
  border-bottom-width: 1px;
  --tw-border-opacity: 1;
  border-color: rgba(0,0,0,var(--tw-border-opacity));
  --tw-bg-opacity: 0.75;
  border-style: none;
}

.c1 {
  margin-top: 0.25rem;
  margin-bottom: 0.25rem;
  font-style: italic;
}

@media (max-width:639px) {
  .c2 {
    display: block;
    height: 0px;
    overflow: hidden;
  }
}

@media print {

}

@media print {
  .c1 {
    margin: 0px;
  }
}

<div
  css="
  ,margin: 1rem;,border-width: 1px;,--tw-border-opacity: 1;,border-color: rgba(0, 0, 0, var(--tw-border-opacity));,transition-property: all;,transition-timing-function: cubic-bezier(0.4, 0, 0.2, 1);,transition-duration: 150ms;,
  ,:hover {,--tw-bg-opacity: 0.5;,background-color: rgba(181, 61, 39, var(--tw-bg-opacity));,},
  ,@media print {,margin: 0px;,margin-bottom: 0.5rem;,margin-left: 0.25rem;,margin-right: 0.25rem;,},

  &:hover {
    box-shadow: 0 2.8px 2.2px rgba(181, 61, 39, 0.07),
      0 6.7px 5.3px rgba(181, 61, 39, 0.05),
      0 12.5px 10px rgba(181, 61, 39, 0.042),
      0 22.3px 17.9px rgba(181, 61, 39, 0.035),
      0 41.8px 33.4px rgba(181, 61, 39, 0.028),
      0 100px 80px rgba(181, 61, 39, 0.02);
  }
"
  data-testid="sectionContainer"
>
  <h2
    css="
  ,display: inline-block;,padding: 0.5rem;,padding-top: 0.25rem;,padding-bottom: 0.25rem;,font-family: Inconsolata, ui-monospace, SFMono-Regular, Menlo, Monaco, Consolas, Liberation Mono, Courier New, monospace;,font-size: 1.25rem;,line-height: 1.75rem;,--tw-bg-opacity: 1;,background-color: rgba(0, 0, 0, var(--tw-bg-opacity));,
  ,@media print {,font-size: 1rem;,line-height: 1.5rem;,},
"
    data-testid="sectionTitle"
  >
    Reason #8: Regret
  </h2>
   
  <br />
   
  <div
    class="c0"
    data-testid="sectionItemContainer"
  >
    <div
      class="c1"
      data-testid="byline"
    >
      <div
        class="c2"
      >
        |
      </div>
    </div>
  </div>
</div>
`;
