// Jest Snapshot v1, https://goo.gl/fbAQLP

exports[`<SectionContainer /> composes title and >1  items 1`] = `
<div
  data-testid="sectionContainer"
>
  <h2
    data-testid="sectionTitle"
  >
    Reason #8: Regret
  </h2>
  <div
    data-testid="sectionItemContainer"
  >
    <div
      data-testid="byline"
    >
      |
    </div>
  </div>
</div>
`;
