// Jest Snapshot v1, https://goo.gl/fbAQLP

exports[`<SectionContainer /> composes title and >1  items 1`] = `
<div
  class="mx-4 mb-4"
  data-testid="sectionContainer"
>
  <h2
    class="font-mono text-lg font-bold uppercase text-orchid-600"
    data-testid="sectionTitle"
  >
    Reason #8: Regret
  </h2>
  <div
    data-testid="sectionItemContainer"
  >
    <div
      class="italic mb-1"
      data-testid="byline"
    >
       | 
    </div>
  </div>
</div>
`;
