// Jest Snapshot v1, https://goo.gl/fbAQLP

exports[`<Website /> handles no data 1`] = `null`;

exports[`<Website /> links to website in new tab 1`] = `
<a
  data-testid="contactWebsite"
  href="https://example.com"
  rel="noreferrer"
  target="_blank"
>
  <svg
    fill="none"
    height="1em"
    stroke="currentColor"
    stroke-linecap="round"
    stroke-linejoin="round"
    stroke-width="2"
    viewBox="0 0 24 24"
    width="1em"
    xmlns="http://www.w3.org/2000/svg"
  >
    <circle
      cx="12"
      cy="12"
      r="10"
    />
    <line
      x1="2"
      x2="22"
      y1="12"
      y2="12"
    />
    <path
      d="M12 2a15.3 15.3 0 0 1 4 10 15.3 15.3 0 0 1-4 10 15.3 15.3 0 0 1-4-10 15.3 15.3 0 0 1 4-10z"
    />
  </svg>
   
  example.com
</a>
`;
