// Jest Snapshot v1, https://goo.gl/fbAQLP

exports[`<Bucket /> alphabetises input 1`] = `
<div
  data-testid="skillsBucket"
>
  <span>
    A Minimal Caffeine Dependency 
  </span>
  <span>
    JavaScript 
  </span>
  <span>
    React 
  </span>
</div>
`;

exports[`<Bucket /> displays nothing for no data 1`] = `null`;
