// Jest Snapshot v1, https://goo.gl/fbAQLP

exports[`<Composed />  incomplete data empty everything 1`] = `null`;

exports[`<Composed />  incomplete data no title; bucket 1`] = `null`;

exports[`<Composed />  incomplete data no title; bucket as empty string 1`] = `null`;

exports[`<Composed />  incomplete data title; bucket as empty array 1`] = `null`;

exports[`<Composed />  incomplete data title; bucket as empty string 1`] = `null`;

exports[`<Composed /> Composes heading and bucket 1`] = `
<div
  class="my-2 border border-red-400"
  data-testid="skillsComposed"
>
  <h1
    class="mb-1 font-bold text-lg leading-5"
    data-testid="itemTitle"
  >
    Wow!
  </h1>
  <div
    data-testid="skillsBucket"
  >
    <p
      style="margin-right: 0.66rem; margin-bottom: 0.2rem; display: inline-block; line-height: 1.15;"
    >
      Things!
    </p>
  </div>
</div>
`;
