// Jest Snapshot v1, https://goo.gl/fbAQLP

exports[`<Composed />  incomplete data empty everything 1`] = `null`;

exports[`<Composed />  incomplete data no title; bucket 1`] = `null`;

exports[`<Composed />  incomplete data no title; bucket as empty string 1`] = `null`;

exports[`<Composed />  incomplete data title; bucket as empty array 1`] = `null`;

exports[`<Composed />  incomplete data title; bucket as empty string 1`] = `null`;

exports[`<Composed /> Composes heading and bucket 1`] = `
.c1 {
  margin-bottom: 0.25rem;
  font-weight: 700;
  font-size: 1.125rem;
  line-height: 1.25rem;
}

.c0 {
  margin-top: 0.5rem;
  margin-bottom: 0.5rem;
}

<div
  class="c0"
  data-testid="skillsComposed"
>
  <h1
    class="c1"
    data-testid="itemTitle"
  >
    Wow!
  </h1>
  <div
    data-testid="skillsBucket"
  >
    <p
      style="margin-right: 0.66rem; margin-bottom: 0.2rem; display: inline-block; line-height: 1.15;"
    >
      Things!
    </p>
  </div>
</div>
`;
