// Jest Snapshot v1, https://goo.gl/fbAQLP

exports[`<Composed />  incomplete data empty everything 1`] = `null`;

exports[`<Composed />  incomplete data no title; bucket 1`] = `null`;

exports[`<Composed />  incomplete data no title; bucket as empty string 1`] = `null`;

exports[`<Composed />  incomplete data title; bucket as empty array 1`] = `null`;

exports[`<Composed />  incomplete data title; bucket as empty string 1`] = `null`;

exports[`<Composed /> Composes heading and bucket 1`] = `
<div
  data-testid="skillsComposed"
>
  <h2
    data-testid="skillsTitle"
  >
    Wow!
  </h2>
  <div
    data-testid="skillsBucket"
  >
    <span>
      Things! 
    </span>
  </div>
</div>
`;
