// Jest Snapshot v1, https://goo.gl/fbAQLP

exports[`<AddressGreeting/> renders OK 1`] = `
.c0 {
  padding-bottom: 0px !important;
}

.c1 {
  padding-bottom: 0px !important;
}

.c2 {
  margin-top: 1rem;
  margin-bottom: 0.25rem;
}

<div>
  <p
    class="c0"
  >
     
  </p>
  <p
    class="c1"
  >
    60342 Athena Plaza
  </p>
  <p>
    Port Idellabury, 
    South Dakota, 
    60033-4381, 
    ES
  </p>
  <h1
    class="c2"
  >
    Dear 
    ,
  </h1>
</div>
`;
