// Jest Snapshot v1, https://goo.gl/fbAQLP

exports[`<AddressGreeting/> renders OK 1`] = `
.c0 {
  padding-bottom: 0px !important;
}

.c1 {
  padding-bottom: 0px !important;
}

<div>
  <p
    class="c0"
  >
    Polycarp Medvedev
  </p>
  <p
    class="c1"
  >
    60342 Athena Plaza
  </p>
  <p>
    Port Idellabury
    , 
    South Dakota
    , 
    60033-4381
    , 
    ES
  </p>
  <p>
    Dear 
    Polycarp Medvedev
    ,
  </p>
</div>
`;
