// Jest Snapshot v1, https://goo.gl/fbAQLP

exports[`<Experience /> renders OK 1`] = `
<div
  data-testid="experience"
>
  <div
    data-testid="sectionContainer"
  >
    <h2
      data-testid="sectionTitle"
    >
      Experience
    </h2>
    <div
      data-testid="sectionItemContainer"
    >
      <h1
        data-testid="itemTitle"
      >
        Volunteer
      </h1>
      <div
        data-testid="byline"
      >
        <span
          data-testid="itemSubtitle"
        >
          Organization
        </span>
        |
        <p
          data-testid="sectionItemDates"
        >
          Mar 2016
           - 
          Feb 2017
        </p>
      </div>
      <div
        data-testid="sectionItemDetails"
      >
        <p>
          Description...
        </p>
      </div>
    </div>
    <div
      data-testid="sectionItemContainer"
    >
      <h1
        data-testid="itemTitle"
      >
        President
      </h1>
      <div
        data-testid="byline"
      >
        <span
          data-testid="itemSubtitle"
        >
          Company
        </span>
        |
        <p
          data-testid="sectionItemDates"
        >
          2013
           - 
          2014
        </p>
      </div>
      <div
        data-testid="sectionItemDetails"
      >
        <p>
          Description...
        </p>
      </div>
    </div>
    <div
      data-testid="sectionItemContainer"
    >
      <h1
        data-testid="itemTitle"
      >
        Volunteer
      </h1>
      <div
        data-testid="byline"
      >
        <span
          data-testid="itemSubtitle"
        >
          Organization
        </span>
        |
        <p
          data-testid="sectionItemDates"
        >
          2012
           - 
          2013
        </p>
      </div>
      <div
        data-testid="sectionItemDetails"
      >
        <p>
          Description...
        </p>
      </div>
    </div>
  </div>
</div>
`;
