// Jest Snapshot v1, https://goo.gl/fbAQLP

exports[`<Skills /> Skills renders OK 1`] = `
<div
  data-testid="skills"
>
  <div
    data-testid="sectionContainer"
  >
    <h2
      data-testid="sectionTitle"
    >
      Skills
    </h2>
    <div
      data-testid="skillsComposed"
    >
      <h2
        data-testid="skillsTitle"
      >
        Web Development
      </h2>
      <div
        data-testid="skillsBucket"
      >
        <span>
          CSS 
        </span>
        <span>
          HTML 
        </span>
        <span>
          Javascript 
        </span>
      </div>
    </div>
  </div>
</div>
`;
