// Jest Snapshot v1, https://goo.gl/fbAQLP

exports[`<Skills /> Skills renders OK 1`] = `
<div
  data-testid="skills"
>
  <div
    class="p-4 py-2"
    data-testid="sectionContainer"
  >
    <h2
      class="font-mono text-lg font-bold uppercase text-orchid-600"
      data-testid="sectionTitle"
    >
      Skills
    </h2>
    <div
      class="my-2"
      data-testid="skillsComposed"
    >
      <h1
        class="mb-1 font-bold text-lg leading-5"
        data-testid="itemTitle"
      >
        Web Development
      </h1>
      <div
        data-testid="skillsBucket"
      >
        <p
          style="margin-right: 0.66rem; margin-bottom: 0.2rem; display: inline-block; line-height: 1.15;"
        >
          HTML
        </p>
        <p
          style="margin-right: 0.66rem; margin-bottom: 0.2rem; display: inline-block; line-height: 1.15;"
        >
          CSS
        </p>
        <p
          style="margin-right: 0.66rem; margin-bottom: 0.2rem; display: inline-block; line-height: 1.15;"
        >
          Javascript
        </p>
      </div>
    </div>
  </div>
</div>
`;
