// Jest Snapshot v1, https://goo.gl/fbAQLP

exports[`<Experience /> renders OK 1`] = `
<div
  data-testid="experience"
>
  <div
    class="p-4 py-2"
    data-testid="sectionContainer"
  >
    <h2
      class="font-mono text-lg font-bold uppercase text-orchid-600"
      data-testid="sectionTitle"
    >
      Experience
    </h2>
    <div
      data-testid="sectionItemContainer"
    >
      <h1
        class="mb-1 font-bold text-lg leading-5"
        data-testid="itemTitle"
      >
        President
      </h1>
      <div
        class="italic mb-1"
        data-testid="byline"
      >
        <span
          data-testid="itemSubtitle"
        >
          Company
        </span>
         | 
        <span
          data-testid="sectionItemDates"
        >
          2013
           - 
          2014
        </span>
      </div>
      <div
        data-testid="sectionItemDetails"
      >
        <p>
          Description...
        </p>
      </div>
    </div>
  </div>
</div>
`;
